Godot: 4.7.2.stable.mono.official.ed1daf0bf
  正在确定要还原的项目…
  已还原 E:\NTU Coding\neon-rift-delivery-check-20261011-035acf2\NeonRiftStage1.csproj (用时 2.02 秒)。
  NeonRiftStage1 -> E:\NTU Coding\neon-rift-delivery-check-20261011-035acf2\.godot\mono\temp\bin\Debug\NeonRiftStage1.dll

已成功生成。
    0 个警告
    0 个错误

已用时间 00:00:06.47
Godot Engine v4.7.2.stable.mono.official.ed1daf0bf - https://godotengine.org

[   0% ] [90m[1mfirst_scan_filesystem[22m | Started 项目初始化 (5 steps)[39m[0m
[   0% ] [90m[1mfirst_scan_filesystem[22m | 正在扫描文件结构……[39m[0m
[  16% ] [90m[1mfirst_scan_filesystem[22m | 正在加载全局类名……[39m[0m
[  33% ] [90m[1mfirst_scan_filesystem[22m | 正在校验 GDExtension……[39m[0m
[  50% ] [90m[1mfirst_scan_filesystem[22m | 正在创建自动加载脚本……[39m[0m
[  66% ] [90m[1mfirst_scan_filesystem[22m | 正在初始化插件……[39m[0m
[  83% ] [90m[1mfirst_scan_filesystem[22m | 正在启动文件扫描……[39m[0m
[92m[ DONE ][39m [1mfirst_scan_filesystem[22m
[0m
[   0% ] [90m[1mupdate_scripts_classes[22m | Started 正在注册全局类…… (20 steps)[39m[0m
[   0% ] [90m[1mupdate_scripts_classes[22m | [39m[0m
[   4% ] [90m[1mupdate_scripts_classes[22m | [39m[0m
[   9% ] [90m[1mupdate_scripts_classes[22m | [39m[0m
[  14% ] [90m[1mupdate_scripts_classes[22m | [39m[0m
[  19% ] [90m[1mupdate_scripts_classes[22m | [39m[0m
[  23% ] [90m[1mupdate_scripts_classes[22m | [39m[0m
[  28% ] [90m[1mupdate_scripts_classes[22m | [39m[0m
[  33% ] [90m[1mupdate_scripts_classes[22m | [39m[0m
[  38% ] [90m[1mupdate_scripts_classes[22m | [39m[0m
[  42% ] [90m[1mupdate_scripts_classes[22m | [39m[0m
[  47% ] [90m[1mupdate_scripts_classes[22m | [39m[0m
[  52% ] [90m[1mupdate_scripts_classes[22m | [39m[0m
[  57% ] [90m[1mupdate_scripts_classes[22m | [39m[0m
[  61% ] [90m[1mupdate_scripts_classes[22m | [39m[0m
[  66% ] [90m[1mupdate_scripts_classes[22m | [39m[0m
[  71% ] [90m[1mupdate_scripts_classes[22m | [39m[0m
[  76% ] [90m[1mupdate_scripts_classes[22m | [39m[0m
[  80% ] [90m[1mupdate_scripts_classes[22m | [39m[0m
[  85% ] [90m[1mupdate_scripts_classes[22m | [39m[0m
[  90% ] [90m[1mupdate_scripts_classes[22m | [39m[0m
[92m[ DONE ][39m [1mupdate_scripts_classes[22m
[0m
[   0% ] [90m[1mloading_editor_layout[22m | Started 正在加载编辑器 (5 steps)[39m[0m
[   0% ] [90m[1mloading_editor_layout[22m | 正在加载编辑器布局……[39m[0m
[  16% ] [90m[1mloading_editor_layout[22m | 正在加载停靠面板……[39m[0m
[92m[ DONE ][39m [1mloading_editor_layout[22m
[0m
Godot Engine v4.7.2.stable.mono.official.ed1daf0bf - https://godotengine.org

Kills: 1 | Score: 100
Kills: 2 | Score: 200
Kills: 3 | Score: 300
Kills: 4 | Score: 400
Kills: 5 | Score: 500
Kills: 6 | Score: 600
Kills: 7 | Score: 700
Kills: 8 | Score: 880
Kills: 9 | Score: 1060
Kills: 10 | Score: 1160
Kills: 1 | Score: 100
PASS: 83 survival-mode checks
Godot Engine v4.7.2.stable.mono.official.ed1daf0bf - https://godotengine.org

Kills: 1 | Score: 100
Kills: 2 | Score: 200
Kills: 3 | Score: 300
Kills: 4 | Score: 400
Kills: 5 | Score: 500
Kills: 6 | Score: 600
Kills: 7 | Score: 780
Kills: 8 | Score: 880
Kills: 9 | Score: 980
Kills: 10 | Score: 1160
PASS: 272 enemy-spawner checks
Godot Engine v4.7.2.stable.mono.official.ed1daf0bf - https://godotengine.org
OpenGL API 3.3.0 NVIDIA 576.52 - Compatibility - Using Device: NVIDIA - NVIDIA GeForce RTX 3070 Ti Laptop GPU

WINDOW PASS: (1280, 720); viewport=(1280, 720); rendered=(1280, 720); aim and GUI restart passed
WINDOW PASS: (960, 540); viewport=(1280, 720); rendered=(960, 540); aim and GUI restart passed
WINDOW PASS: (960, 720); viewport=(1280, 960); rendered=(960, 720); aim and GUI restart passed
PASS: 27 graphical window checks
Verification completed successfully.
