Godot Engine v4.7.2.stable.mono.official.ed1daf0bf - https://godotengine.org
OpenGL API 3.3.0 NVIDIA 576.52 - Compatibility - Using Device: NVIDIA - NVIDIA GeForce RTX 3070 Ti Laptop GPU

Movie Maker mode enabled, recording movie in 1280×720 @ 30 FPS...
Kills: 1 | Score: 100
Kills: 2 | Score: 200
Kills: 3 | Score: 300
Kills: 4 | Score: 400
Kills: 5 | Score: 500
Kills: 6 | Score: 600
Kills: 7 | Score: 780
Kills: 8 | Score: 880
Kills: 9 | Score: 980
Kills: 10 | Score: 1160
Kills: 11 | Score: 1260
Kills: 12 | Score: 1360
Kills: 13 | Score: 1460
Kills: 14 | Score: 1560
Kills: 15 | Score: 1660
Kills: 16 | Score: 1760
Kills: 17 | Score: 1860
Kills: 18 | Score: 2040
Kills: 19 | Score: 2220
Kills: 20 | Score: 2400
Kills: 21 | Score: 2580
Kills: 22 | Score: 2680
Kills: 23 | Score: 2860
Kills: 24 | Score: 2960
Kills: 25 | Score: 3060
Kills: 26 | Score: 3160
Kills: 27 | Score: 3340
Kills: 28 | Score: 3520
Kills: 29 | Score: 3700
Kills: 30 | Score: 3880
Kills: 31 | Score: 3980
Kills: 32 | Score: 4080
Kills: 33 | Score: 4260
Kills: 34 | Score: 4440
Kills: 35 | Score: 4620
DEMO: full survival won, GUI restart to stationary round
DEMO: natural stationary defeat at 11.2s, GUI restart
PASS: demo records full 60-second win, natural defeat and two GUI restarts
--------------------------------------------------------------------------------
Done recording movie at path: E:\NTU Coding\neon-rift-local-review-20261011\survival-demo.avi
2408 frames at 30 FPS (movie length: 00:01:20:08), recorded in 00:01:18 (102% of real-time speed).
CPU render time: 4.99 seconds (average: 2.07 ms/frame)
GPU render time: 5.13 seconds (average: 2.13 ms/frame)
Encoding time: 42.25 seconds (average: 17.55 ms/frame)
--------------------------------------------------------------------------------
